
> angular-15-crud@0.0.0 build
> ng build

node.exe : - Generating browser application bundles (phase: setup)...
At C:\Users\Naveen\AppData\Roaming\npm\npm.ps1:24 char:5
+     & "node$exe"  "$basedir/node_modules/npm/bin/npm-cli.js" $args
+     ~~~~~~~~~~~~~~~~~~~~~~~~~~~~~~~~~~~~~~~~~~~~~~~~~~~~~~~~~~~~~~
    + CategoryInfo          : NotSpecified: (- Generating br...hase: setup)...:String) [], RemoteException
    + FullyQualifiedErrorId : NativeCommandError
 
[32mΓ£ö[39m Browser application bundle generation complete.
[32mΓ£ö[39m Browser application bundle generation complete.
[1m[31m
Error: [96mnode_modules/@angular/core/types/_discovery-chunk.d.ts[0m:[93m12[0m:[93m86[0m - 
[91merror[0m[90m TS2307: [0mCannot find module '@angular/core/primitives/di' or its corresponding type 
declarations.

[7m12[0m import { Injector as Injector$1, InjectionToken as InjectionToken$1, NotFound } from 
'@angular/core/primitives/di';
[7m  [0m [91m                                                                                     
~~~~~~~~~~~~~~~~~~~~~~~~~~~~~[0m


Error: [96mnode_modules/@angular/platform-browser/types/platform-browser.d.ts[0m:[93m10[0m:[93m42[0m - 
[91merror[0m[90m TS2307: [0mCannot find module '@angular/common/http' or its corresponding type declarations.

[7m10[0m import { HttpTransferCacheOptions } from '@angular/common/http';
[7m  [0m [91m                                         ~~~~~~~~~~~~~~~~~~~~~~[0m


Error: [96msrc/app/app.module.ts[0m:[93m3[0m:[93m34[0m - [91merror[0m[90m TS2307: [0mCannot find module 
'@angular/common/http' or its corresponding type declarations.

[7m3[0m import { HttpClientModule } from '@angular/common/http';
[7m [0m [91m                                 ~~~~~~~~~~~~~~~~~~~~~~[0m


Error: [96msrc/app/app.module.ts[0m:[93m12[0m:[93m12[0m - [91merror[0m[90m NG1010: [0mValue

Error: [96msrc/app/services/tutorial.service.ts[0m:[93m2[0m:[93m28[0m - [91merror[0m[90m TS2307: 
[0mCannot find module '@angular/common/http' or its corresponding type declarations.

[7m2[0m import { HttpClient } from '@angular/common/http';
[7m [0m [91m                           ~~~~~~~~~~~~~~~~~~~~~~[0m


Error: [96msrc/app/services/tutorial.service.ts[0m:[93m13[0m:[93m23[0m - [91merror[0m[90m NG2003: [0mNo 
suitable injection token for parameter 'http' of class 'TutorialService'.
  Consider using the @Inject decorator to specify an injection token.

[7m13[0m   constructor(private http: HttpClient) { }
[7m  [0m [91m                      ~~~~[0m

  [96msrc/app/services/tutorial.service.ts[0m:[93m13[0m:[93m29[0m
    [7m13[0m   constructor(private http: HttpClient) { }
    [7m  [0m [96m                            ~~~~~~~~~~[0m
    This type does not have a value, so it cannot be used as injection token.


[39m[22m
